Reading pref.tcl

# 2025.3

# ** Note: (vsim-220) 'C:/questa_base64_2025.3/win64/../modelsim.ini' is used as the ini file.
# vsim -c -onfinish exit work.tb -do "onerror {quit -code 2 -f}; run -all; quit -f" 
# Start time: 20:28:20 on Sep 28,2026
# ** Note: (vsim-3812) Design is being optimized...
# ** Note: (vopt-220) 'C:/questa_base64_2025.3/win64/../modelsim.ini' is used as the ini file.
# //  QuestaSim Base Edition-64
# //  Version 2025.3 win64 Sep 15 2025
# //
# // Unpublished work. Copyright 2025 Siemens
# //
# // This material contains trade secrets or otherwise confidential information
# // owned by Siemens Industry Software Inc. or its affiliates (collectively,
# // "SISW"), or its licensors. Access to and use of this information is strictly
# // limited as set forth in the Customer's applicable agreements with SISW.
# //
# // This material may not be copied, distributed, or otherwise disclosed outside
# // of the Customer's facilities without the express written permission of SISW,
# // and may not be used in any way not expressly authorized by SISW.
# //
# Loading sv_std.std
# Loading work.tb(fast)
# Loading std.standard
# Loading std.textio(body)
# Loading ieee.std_logic_1164(body)
# Loading ieee.numeric_std(body)
# Loading work.axil_regs(rtl)#1
# onerror {quit -code 2 -f}
#  Warning: onerror command for use within macro
#  run -all
# RESULT checks=907 failures=0
# ** Note: $finish    : tb.sv(13)
#    Time: 5006 ns  Iteration: 0  Instance: /tb
# End time: 20:28:21 on Sep 28,2026, Elapsed time: 0:00:01
# Errors: 0, Warnings: 0
