Reading pref.tcl

# 2025.3


# ** Note: (vsim-220) 'C:/questa_base64_2025.3/win64/../modelsim.ini' is used as the ini file.
# vsim -c -onfinish exit -wlf C:\hdl_projects\ai_on_prem\results\comparison-20260928-updated-skills\amd-halo\verification\batches\20260928-updated-skills\runs\20260928-140039-vhdl-skill-amd-halo\gemma4-fpga\cdc_sync\stages3.wlf work.tb -do "onerror {quit -code 2 -f}; run -all; quit -f" -gNSTAGES=3 
# Start time: 20:22:09 on Sep 28,2026
# ** Note: (vsim-3812) Design is being optimized...
# ** Note: (vopt-220) 'C:/questa_base64_2025.3/win64/../modelsim.ini' is used as the ini file.
# Loading sv_std.std
# Loading work.tb(fast)
# Loading std.standard
# Loading std.textio(body)
# Loading ieee.std_logic_1164(body)
# Loading ieee.numeric_std(body)
# Loading work.cdc_sync(rtl)#1
# onerror {quit -code 2 -f}
#  Warning: onerror command for use within macro
#  run -all
# RESULT checks=400 failures=0
# ** Note: $finish    : tb.sv(13)
#    Time: 2096 ns  Iteration: 0  Instance: /tb
# End time: 20:22:11 on Sep 28,2026, Elapsed time: 0:00:02
# Errors: 0, Warnings: 0
