===============================
Blue Pearl DFFs Report created on: Tue Sep 22 16:15:32 2026
===============================
14 D-type flip-flop registers:
===============================
axil_regs.s_aw_ready type Dff Data Clock Domain: i_clk_group Clock Pin's Domain: i_clk_group Fanout: 4
axil_regs.s_w_ready type Dff Data Clock Domain: i_clk_group Clock Pin's Domain: i_clk_group Fanout: 4
axil_regs.s_ar_ready type Dff Data Clock Domain: i_clk_group Clock Pin's Domain: i_clk_group Fanout: 4
axil_regs.s_aw_addr[3:0] type Dff register Data Clock Domain: i_clk_group Clock Pin's Domain: i_clk_group Fanout: 17
axil_regs.s_w_data[31:0] type Dff register Data Clock Domain: i_clk_group Clock Pin's Domain: i_clk_group Fanout: 4
axil_regs.s_w_strb[3:0] type Dff register Data Clock Domain: i_clk_group Clock Pin's Domain: i_clk_group Fanout: 32
axil_regs.s_ar_addr[3:0] type Dff register Data Clock Domain: i_clk_group Clock Pin's Domain: i_clk_group Fanout: 5
axil_regs.s_write_done type Dff Data Clock Domain: i_clk_group Clock Pin's Domain: i_clk_group Fanout: 130
axil_regs.s_reg[0][31:0] type Dff register Data Clock Domain: i_clk_group Clock Pin's Domain: i_clk_group Fanout: 2
axil_regs.s_reg[1][31:0] type Dff register Data Clock Domain: i_clk_group Clock Pin's Domain: i_clk_group Fanout: 2
axil_regs.s_reg[2][31:0] type Dff register Data Clock Domain: i_clk_group Clock Pin's Domain: i_clk_group Fanout: 2
axil_regs.s_reg[3][31:0] type Dff register Data Clock Domain: i_clk_group Clock Pin's Domain: i_clk_group Fanout: 2
axil_regs.s_b_valid type Dff Data Clock Domain: i_clk_group Clock Pin's Domain: i_clk_group Fanout: 5
axil_regs.s_r_valid type Dff Data Clock Domain: i_clk_group Clock Pin's Domain: i_clk_group Fanout: 4
===============================
