Reading pref.tcl

# 2025.3

# ** Note: (vsim-220) 'C:/questa_base64_2025.3/win64/../modelsim.ini' is used as the ini file.
# vsim -c -onfinish exit -wlf C:\hdl_projects\ai_on_prem\results\comparison-20260928-updated-skills\amd-halo\verification\batches\20260928-updated-skills\runs\20260928-140039-vhdl-skill-amd-halo\gemma4-fpga\uart_tx\default.wlf work.tb -do "onerror {quit -code 2 -f}; run -all; quit -f" 
# Start time: 20:22:12 on Sep 28,2026
# ** Note: (vsim-3812) Design is being optimized...
# ** Note: (vopt-220) 'C:/questa_base64_2025.3/win64/../modelsim.ini' is used as the ini file.
# //  QuestaSim Base Edition-64
# //  Version 2025.3 win64 Sep 15 2025
# //
# // Unpublished work. Copyright 2025 Siemens
# //
# // This material contains trade secrets or otherwise confidential information
# // owned by Siemens Industry Software Inc. or its affiliates (collectively,
# // "SISW"), or its licensors. Access to and use of this information is strictly
# // limited as set forth in the Customer's applicable agreements with SISW.
# //
# // This material may not be copied, distributed, or otherwise disclosed outside
# // of the Customer's facilities without the express written permission of SISW,
# // and may not be used in any way not expressly authorized by SISW.
# //
# Loading sv_std.std
# Loading work.tb(fast)
# Loading std.standard
# Loading std.textio(body)
# Loading ieee.std_logic_1164(body)
# Loading ieee.numeric_std(body)
# Loading work.uart_tx(rtl)#1
# onerror {quit -code 2 -f}
#  Warning: onerror command for use within macro
#  run -all
# CHECK_FAIL 8N1 bit=3 cycle=0 payload=55 t=316000
# CHECK_FAIL 8N1 bit=3 cycle=1 payload=55 t=326000
# CHECK_FAIL 8N1 bit=3 cycle=2 payload=55 t=336000
# CHECK_FAIL 8N1 bit=3 cycle=3 payload=55 t=346000
# CHECK_FAIL 8N1 bit=3 cycle=4 payload=55 t=356000
# CHECK_FAIL 8N1 bit=3 cycle=5 payload=55 t=366000
# CHECK_FAIL 8N1 bit=3 cycle=6 payload=55 t=376000
# CHECK_FAIL 8N1 bit=3 cycle=7 payload=55 t=386000
# CHECK_FAIL 8N1 bit=5 cycle=0 payload=55 t=476000
# CHECK_FAIL 8N1 bit=5 cycle=1 payload=55 t=486000
# CHECK_FAIL 8N1 bit=5 cycle=2 payload=55 t=496000
# CHECK_FAIL 8N1 bit=5 cycle=3 payload=55 t=506000
# CHECK_FAIL 8N1 bit=5 cycle=4 payload=55 t=516000
# CHECK_FAIL 8N1 bit=5 cycle=5 payload=55 t=526000
# CHECK_FAIL 8N1 bit=5 cycle=6 payload=55 t=536000
# CHECK_FAIL 8N1 bit=5 cycle=7 payload=55 t=546000
# CHECK_FAIL 8N1 bit=7 cycle=0 payload=55 t=636000
# CHECK_FAIL 8N1 bit=7 cycle=1 payload=55 t=646000
# CHECK_FAIL 8N1 bit=7 cycle=2 payload=55 t=656000
# CHECK_FAIL 8N1 bit=7 cycle=3 payload=55 t=666000
# CHECK_FAIL 8N1 bit=7 cycle=4 payload=55 t=676000
# CHECK_FAIL 8N1 bit=7 cycle=5 payload=55 t=686000
# CHECK_FAIL 8N1 bit=7 cycle=6 payload=55 t=696000
# CHECK_FAIL 8N1 bit=7 cycle=7 payload=55 t=706000
# CHECK_FAIL 8N1 bit=2 cycle=0 payload=a6 t=1216000
# CHECK_FAIL 8N1 bit=2 cycle=1 payload=a6 t=1226000
# CHECK_FAIL 8N1 bit=2 cycle=2 payload=a6 t=1236000
# CHECK_FAIL 8N1 bit=2 cycle=3 payload=a6 t=1246000
# CHECK_FAIL 8N1 bit=2 cycle=4 payload=a6 t=1256000
# CHECK_FAIL 8N1 bit=2 cycle=5 payload=a6 t=1266000
# CHECK_FAIL 8N1 bit=2 cycle=6 payload=a6 t=1276000
# CHECK_FAIL 8N1 bit=2 cycle=7 payload=a6 t=1286000
# CHECK_FAIL 8N1 bit=3 cycle=0 payload=a6 t=1296000
# CHECK_FAIL 8N1 bit=3 cycle=1 payload=a6 t=1306000
# CHECK_FAIL 8N1 bit=3 cycle=2 payload=a6 t=1316000
# CHECK_FAIL 8N1 bit=3 cycle=3 payload=a6 t=1326000
# CHECK_FAIL 8N1 bit=3 cycle=4 payload=a6 t=1336000
# CHECK_FAIL 8N1 bit=3 cycle=5 payload=a6 t=1346000
# CHECK_FAIL 8N1 bit=3 cycle=6 payload=a6 t=1356000
# CHECK_FAIL 8N1 bit=3 cycle=7 payload=a6 t=1366000
# CHECK_FAIL 8N1 bit=6 cycle=0 payload=a6 t=1536000
# CHECK_FAIL 8N1 bit=6 cycle=1 payload=a6 t=1546000
# CHECK_FAIL 8N1 bit=6 cycle=2 payload=a6 t=1556000
# CHECK_FAIL 8N1 bit=6 cycle=3 payload=a6 t=1566000
# CHECK_FAIL 8N1 bit=6 cycle=4 payload=a6 t=1576000
# CHECK_FAIL 8N1 bit=6 cycle=5 payload=a6 t=1586000
# CHECK_FAIL 8N1 bit=6 cycle=6 payload=a6 t=1596000
# CHECK_FAIL 8N1 bit=6 cycle=7 payload=a6 t=1606000
# CHECK_FAIL 8N1 bit=8 cycle=0 payload=a6 t=1696000
# CHECK_FAIL 8N1 bit=8 cycle=1 payload=a6 t=1706000
# CHECK_FAIL 8N1 bit=8 cycle=2 payload=a6 t=1716000
# CHECK_FAIL 8N1 bit=8 cycle=3 payload=a6 t=1726000
# CHECK_FAIL 8N1 bit=8 cycle=4 payload=a6 t=1736000
# CHECK_FAIL 8N1 bit=8 cycle=5 payload=a6 t=1746000
# CHECK_FAIL 8N1 bit=8 cycle=6 payload=a6 t=1756000
# CHECK_FAIL 8N1 bit=8 cycle=7 payload=a6 t=1766000
# CHECK_FAIL 8N1 bit=2 cycle=0 payload=ff t=3176000
# CHECK_FAIL 8N1 bit=2 cycle=1 payload=ff t=3186000
# CHECK_FAIL 8N1 bit=2 cycle=2 payload=ff t=3196000
# CHECK_FAIL 8N1 bit=2 cycle=3 payload=ff t=3206000
# CHECK_FAIL 8N1 bit=2 cycle=4 payload=ff t=3216000
# CHECK_FAIL 8N1 bit=2 cycle=5 payload=ff t=3226000
# CHECK_FAIL 8N1 bit=2 cycle=6 payload=ff t=3236000
# CHECK_FAIL 8N1 bit=2 cycle=7 payload=ff t=3246000
# CHECK_FAIL 8N1 bit=3 cycle=0 payload=ff t=3256000
# CHECK_FAIL 8N1 bit=3 cycle=1 payload=ff t=3266000
# CHECK_FAIL 8N1 bit=3 cycle=2 payload=ff t=3276000
# CHECK_FAIL 8N1 bit=3 cycle=3 payload=ff t=3286000
# CHECK_FAIL 8N1 bit=3 cycle=4 payload=ff t=3296000
# CHECK_FAIL 8N1 bit=3 cycle=5 payload=ff t=3306000
# CHECK_FAIL 8N1 bit=3 cycle=6 payload=ff t=3316000
# CHECK_FAIL 8N1 bit=3 cycle=7 payload=ff t=3326000
# CHECK_FAIL 8N1 bit=4 cycle=0 payload=ff t=3336000
# CHECK_FAIL 8N1 bit=4 cycle=1 payload=ff t=3346000
# CHECK_FAIL 8N1 bit=4 cycle=2 payload=ff t=3356000
# CHECK_FAIL 8N1 bit=4 cycle=3 payload=ff t=3366000
# CHECK_FAIL 8N1 bit=4 cycle=4 payload=ff t=3376000
# CHECK_FAIL 8N1 bit=4 cycle=5 payload=ff t=3386000
# CHECK_FAIL 8N1 bit=4 cycle=6 payload=ff t=3396000
# CHECK_FAIL 8N1 bit=4 cycle=7 payload=ff t=3406000
# CHECK_FAIL 8N1 bit=5 cycle=0 payload=ff t=3416000
# CHECK_FAIL 8N1 bit=5 cycle=1 payload=ff t=3426000
# CHECK_FAIL 8N1 bit=5 cycle=2 payload=ff t=3436000
# CHECK_FAIL 8N1 bit=5 cycle=3 payload=ff t=3446000
# CHECK_FAIL 8N1 bit=5 cycle=4 payload=ff t=3456000
# CHECK_FAIL 8N1 bit=5 cycle=5 payload=ff t=3466000
# CHECK_FAIL 8N1 bit=5 cycle=6 payload=ff t=3476000
# CHECK_FAIL 8N1 bit=5 cycle=7 payload=ff t=3486000
# CHECK_FAIL 8N1 bit=6 cycle=0 payload=ff t=3496000
# CHECK_FAIL 8N1 bit=6 cycle=1 payload=ff t=3506000
# CHECK_FAIL 8N1 bit=6 cycle=2 payload=ff t=3516000
# CHECK_FAIL 8N1 bit=6 cycle=3 payload=ff t=3526000
# CHECK_FAIL 8N1 bit=6 cycle=4 payload=ff t=3536000
# CHECK_FAIL 8N1 bit=6 cycle=5 payload=ff t=3546000
# CHECK_FAIL 8N1 bit=6 cycle=6 payload=ff t=3556000
# CHECK_FAIL 8N1 bit=6 cycle=7 payload=ff t=3566000
# CHECK_FAIL 8N1 bit=7 cycle=0 payload=ff t=3576000
# CHECK_FAIL 8N1 bit=7 cycle=1 payload=ff t=3586000
# CHECK_FAIL 8N1 bit=7 cycle=2 payload=ff t=3596000
# CHECK_FAIL 8N1 bit=7 cycle=3 payload=ff t=3606000
# CHECK_FAIL 8N1 bit=7 cycle=4 payload=ff t=3616000
# CHECK_FAIL 8N1 bit=7 cycle=5 payload=ff t=3626000
# CHECK_FAIL 8N1 bit=7 cycle=6 payload=ff t=3636000
# CHECK_FAIL 8N1 bit=7 cycle=7 payload=ff t=3646000
# CHECK_FAIL 8N1 bit=8 cycle=0 payload=ff t=3656000
# CHECK_FAIL 8N1 bit=8 cycle=1 payload=ff t=3666000
# CHECK_FAIL 8N1 bit=8 cycle=2 payload=ff t=3676000
# CHECK_FAIL 8N1 bit=8 cycle=3 payload=ff t=3686000
# CHECK_FAIL 8N1 bit=8 cycle=4 payload=ff t=3696000
# CHECK_FAIL 8N1 bit=8 cycle=5 payload=ff t=3706000
# CHECK_FAIL 8N1 bit=8 cycle=6 payload=ff t=3716000
# CHECK_FAIL 8N1 bit=8 cycle=7 payload=ff t=3726000
# RESULT checks=624 failures=112
# ** Note: $finish    : tb.sv(13)
#    Time: 4006 ns  Iteration: 0  Instance: /tb
# End time: 20:22:15 on Sep 28,2026, Elapsed time: 0:00:03
# Errors: 0, Warnings: 0
