Reading pref.tcl

# 2025.3

# ** Note: (vsim-220) 'C:/questa_base64_2025.3/win64/../modelsim.ini' is used as the ini file.
# vsim -c -onfinish exit -wlf C:\hdl_projects\ai_on_prem\results\comparison-20260928-updated-skills\amd-halo\verification\batches\20260928-updated-skills\runs\20260928-140039-vhdl-skill-amd-halo\gemma4-fpga\uart_tx\divisor13.wlf work.tb -do "onerror {quit -code 2 -f}; run -all; quit -f" -gDIVISOR=13 
# Start time: 20:22:16 on Sep 28,2026
# ** Note: (vsim-3812) Design is being optimized...
# ** Note: (vopt-220) 'C:/questa_base64_2025.3/win64/../modelsim.ini' is used as the ini file.
# //  QuestaSim Base Edition-64
# //  Version 2025.3 win64 Sep 15 2025
# //
# // Unpublished work. Copyright 2025 Siemens
# //
# // This material contains trade secrets or otherwise confidential information
# // owned by Siemens Industry Software Inc. or its affiliates (collectively,
# // "SISW"), or its licensors. Access to and use of this information is strictly
# // limited as set forth in the Customer's applicable agreements with SISW.
# //
# // This material may not be copied, distributed, or otherwise disclosed outside
# // of the Customer's facilities without the express written permission of SISW,
# // and may not be used in any way not expressly authorized by SISW.
# //
# Loading sv_std.std
# Loading work.tb(fast)
# Loading std.standard
# Loading std.textio(body)
# Loading ieee.std_logic_1164(body)
# Loading ieee.numeric_std(body)
# Loading work.uart_tx(rtl)#1
# onerror {quit -code 2 -f}
#  Warning: onerror command for use within macro
#  run -all
# CHECK_FAIL 8N1 bit=3 cycle=0 payload=55 t=466000
# CHECK_FAIL 8N1 bit=3 cycle=1 payload=55 t=476000
# CHECK_FAIL 8N1 bit=3 cycle=2 payload=55 t=486000
# CHECK_FAIL 8N1 bit=3 cycle=3 payload=55 t=496000
# CHECK_FAIL 8N1 bit=3 cycle=4 payload=55 t=506000
# CHECK_FAIL 8N1 bit=3 cycle=5 payload=55 t=516000
# CHECK_FAIL 8N1 bit=3 cycle=6 payload=55 t=526000
# CHECK_FAIL 8N1 bit=3 cycle=7 payload=55 t=536000
# CHECK_FAIL 8N1 bit=3 cycle=8 payload=55 t=546000
# CHECK_FAIL 8N1 bit=3 cycle=9 payload=55 t=556000
# CHECK_FAIL 8N1 bit=3 cycle=10 payload=55 t=566000
# CHECK_FAIL 8N1 bit=3 cycle=11 payload=55 t=576000
# CHECK_FAIL 8N1 bit=3 cycle=12 payload=55 t=586000
# CHECK_FAIL 8N1 bit=5 cycle=0 payload=55 t=726000
# CHECK_FAIL 8N1 bit=5 cycle=1 payload=55 t=736000
# CHECK_FAIL 8N1 bit=5 cycle=2 payload=55 t=746000
# CHECK_FAIL 8N1 bit=5 cycle=3 payload=55 t=756000
# CHECK_FAIL 8N1 bit=5 cycle=4 payload=55 t=766000
# CHECK_FAIL 8N1 bit=5 cycle=5 payload=55 t=776000
# CHECK_FAIL 8N1 bit=5 cycle=6 payload=55 t=786000
# CHECK_FAIL 8N1 bit=5 cycle=7 payload=55 t=796000
# CHECK_FAIL 8N1 bit=5 cycle=8 payload=55 t=806000
# CHECK_FAIL 8N1 bit=5 cycle=9 payload=55 t=816000
# CHECK_FAIL 8N1 bit=5 cycle=10 payload=55 t=826000
# CHECK_FAIL 8N1 bit=5 cycle=11 payload=55 t=836000
# CHECK_FAIL 8N1 bit=5 cycle=12 payload=55 t=846000
# CHECK_FAIL 8N1 bit=7 cycle=0 payload=55 t=986000
# CHECK_FAIL 8N1 bit=7 cycle=1 payload=55 t=996000
# CHECK_FAIL 8N1 bit=7 cycle=2 payload=55 t=1006000
# CHECK_FAIL 8N1 bit=7 cycle=3 payload=55 t=1016000
# CHECK_FAIL 8N1 bit=7 cycle=4 payload=55 t=1026000
# CHECK_FAIL 8N1 bit=7 cycle=5 payload=55 t=1036000
# CHECK_FAIL 8N1 bit=7 cycle=6 payload=55 t=1046000
# CHECK_FAIL 8N1 bit=7 cycle=7 payload=55 t=1056000
# CHECK_FAIL 8N1 bit=7 cycle=8 payload=55 t=1066000
# CHECK_FAIL 8N1 bit=7 cycle=9 payload=55 t=1076000
# CHECK_FAIL 8N1 bit=7 cycle=10 payload=55 t=1086000
# CHECK_FAIL 8N1 bit=7 cycle=11 payload=55 t=1096000
# CHECK_FAIL 8N1 bit=7 cycle=12 payload=55 t=1106000
# CHECK_FAIL 8N1 bit=2 cycle=0 payload=a6 t=1916000
# CHECK_FAIL 8N1 bit=2 cycle=1 payload=a6 t=1926000
# CHECK_FAIL 8N1 bit=2 cycle=2 payload=a6 t=1936000
# CHECK_FAIL 8N1 bit=2 cycle=3 payload=a6 t=1946000
# CHECK_FAIL 8N1 bit=2 cycle=4 payload=a6 t=1956000
# CHECK_FAIL 8N1 bit=2 cycle=5 payload=a6 t=1966000
# CHECK_FAIL 8N1 bit=2 cycle=6 payload=a6 t=1976000
# CHECK_FAIL 8N1 bit=2 cycle=7 payload=a6 t=1986000
# CHECK_FAIL 8N1 bit=2 cycle=8 payload=a6 t=1996000
# CHECK_FAIL 8N1 bit=2 cycle=9 payload=a6 t=2006000
# CHECK_FAIL 8N1 bit=2 cycle=10 payload=a6 t=2016000
# CHECK_FAIL 8N1 bit=2 cycle=11 payload=a6 t=2026000
# CHECK_FAIL 8N1 bit=2 cycle=12 payload=a6 t=2036000
# CHECK_FAIL 8N1 bit=3 cycle=0 payload=a6 t=2046000
# CHECK_FAIL 8N1 bit=3 cycle=1 payload=a6 t=2056000
# CHECK_FAIL 8N1 bit=3 cycle=2 payload=a6 t=2066000
# CHECK_FAIL 8N1 bit=3 cycle=3 payload=a6 t=2076000
# CHECK_FAIL 8N1 bit=3 cycle=4 payload=a6 t=2086000
# CHECK_FAIL 8N1 bit=3 cycle=5 payload=a6 t=2096000
# CHECK_FAIL 8N1 bit=3 cycle=6 payload=a6 t=2106000
# CHECK_FAIL 8N1 bit=3 cycle=7 payload=a6 t=2116000
# CHECK_FAIL 8N1 bit=3 cycle=8 payload=a6 t=2126000
# CHECK_FAIL 8N1 bit=3 cycle=9 payload=a6 t=2136000
# CHECK_FAIL 8N1 bit=3 cycle=10 payload=a6 t=2146000
# CHECK_FAIL 8N1 bit=3 cycle=11 payload=a6 t=2156000
# CHECK_FAIL 8N1 bit=3 cycle=12 payload=a6 t=2166000
# CHECK_FAIL 8N1 bit=6 cycle=0 payload=a6 t=2436000
# CHECK_FAIL 8N1 bit=6 cycle=1 payload=a6 t=2446000
# CHECK_FAIL 8N1 bit=6 cycle=2 payload=a6 t=2456000
# CHECK_FAIL 8N1 bit=6 cycle=3 payload=a6 t=2466000
# CHECK_FAIL 8N1 bit=6 cycle=4 payload=a6 t=2476000
# CHECK_FAIL 8N1 bit=6 cycle=5 payload=a6 t=2486000
# CHECK_FAIL 8N1 bit=6 cycle=6 payload=a6 t=2496000
# CHECK_FAIL 8N1 bit=6 cycle=7 payload=a6 t=2506000
# CHECK_FAIL 8N1 bit=6 cycle=8 payload=a6 t=2516000
# CHECK_FAIL 8N1 bit=6 cycle=9 payload=a6 t=2526000
# CHECK_FAIL 8N1 bit=6 cycle=10 payload=a6 t=2536000
# CHECK_FAIL 8N1 bit=6 cycle=11 payload=a6 t=2546000
# CHECK_FAIL 8N1 bit=6 cycle=12 payload=a6 t=2556000
# CHECK_FAIL 8N1 bit=8 cycle=0 payload=a6 t=2696000
# CHECK_FAIL 8N1 bit=8 cycle=1 payload=a6 t=2706000
# CHECK_FAIL 8N1 bit=8 cycle=2 payload=a6 t=2716000
# CHECK_FAIL 8N1 bit=8 cycle=3 payload=a6 t=2726000
# CHECK_FAIL 8N1 bit=8 cycle=4 payload=a6 t=2736000
# CHECK_FAIL 8N1 bit=8 cycle=5 payload=a6 t=2746000
# CHECK_FAIL 8N1 bit=8 cycle=6 payload=a6 t=2756000
# CHECK_FAIL 8N1 bit=8 cycle=7 payload=a6 t=2766000
# CHECK_FAIL 8N1 bit=8 cycle=8 payload=a6 t=2776000
# CHECK_FAIL 8N1 bit=8 cycle=9 payload=a6 t=2786000
# CHECK_FAIL 8N1 bit=8 cycle=10 payload=a6 t=2796000
# CHECK_FAIL 8N1 bit=8 cycle=11 payload=a6 t=2806000
# CHECK_FAIL 8N1 bit=8 cycle=12 payload=a6 t=2816000
# CHECK_FAIL 8N1 bit=2 cycle=0 payload=ff t=5076000
# CHECK_FAIL 8N1 bit=2 cycle=1 payload=ff t=5086000
# CHECK_FAIL 8N1 bit=2 cycle=2 payload=ff t=5096000
# CHECK_FAIL 8N1 bit=2 cycle=3 payload=ff t=5106000
# CHECK_FAIL 8N1 bit=2 cycle=4 payload=ff t=5116000
# CHECK_FAIL 8N1 bit=2 cycle=5 payload=ff t=5126000
# CHECK_FAIL 8N1 bit=2 cycle=6 payload=ff t=5136000
# CHECK_FAIL 8N1 bit=2 cycle=7 payload=ff t=5146000
# CHECK_FAIL 8N1 bit=2 cycle=8 payload=ff t=5156000
# CHECK_FAIL 8N1 bit=2 cycle=9 payload=ff t=5166000
# CHECK_FAIL 8N1 bit=2 cycle=10 payload=ff t=5176000
# CHECK_FAIL 8N1 bit=2 cycle=11 payload=ff t=5186000
# CHECK_FAIL 8N1 bit=2 cycle=12 payload=ff t=5196000
# CHECK_FAIL 8N1 bit=3 cycle=0 payload=ff t=5206000
# CHECK_FAIL 8N1 bit=3 cycle=1 payload=ff t=5216000
# CHECK_FAIL 8N1 bit=3 cycle=2 payload=ff t=5226000
# CHECK_FAIL 8N1 bit=3 cycle=3 payload=ff t=5236000
# CHECK_FAIL 8N1 bit=3 cycle=4 payload=ff t=5246000
# CHECK_FAIL 8N1 bit=3 cycle=5 payload=ff t=5256000
# CHECK_FAIL 8N1 bit=3 cycle=6 payload=ff t=5266000
# CHECK_FAIL 8N1 bit=3 cycle=7 payload=ff t=5276000
# CHECK_FAIL 8N1 bit=3 cycle=8 payload=ff t=5286000
# CHECK_FAIL 8N1 bit=3 cycle=9 payload=ff t=5296000
# CHECK_FAIL 8N1 bit=3 cycle=10 payload=ff t=5306000
# CHECK_FAIL 8N1 bit=3 cycle=11 payload=ff t=5316000
# CHECK_FAIL 8N1 bit=3 cycle=12 payload=ff t=5326000
# CHECK_FAIL 8N1 bit=4 cycle=0 payload=ff t=5336000
# CHECK_FAIL 8N1 bit=4 cycle=1 payload=ff t=5346000
# CHECK_FAIL 8N1 bit=4 cycle=2 payload=ff t=5356000
# CHECK_FAIL 8N1 bit=4 cycle=3 payload=ff t=5366000
# CHECK_FAIL 8N1 bit=4 cycle=4 payload=ff t=5376000
# CHECK_FAIL 8N1 bit=4 cycle=5 payload=ff t=5386000
# CHECK_FAIL 8N1 bit=4 cycle=6 payload=ff t=5396000
# CHECK_FAIL 8N1 bit=4 cycle=7 payload=ff t=5406000
# CHECK_FAIL 8N1 bit=4 cycle=8 payload=ff t=5416000
# CHECK_FAIL 8N1 bit=4 cycle=9 payload=ff t=5426000
# CHECK_FAIL 8N1 bit=4 cycle=10 payload=ff t=5436000
# CHECK_FAIL 8N1 bit=4 cycle=11 payload=ff t=5446000
# CHECK_FAIL 8N1 bit=4 cycle=12 payload=ff t=5456000
# CHECK_FAIL 8N1 bit=5 cycle=0 payload=ff t=5466000
# CHECK_FAIL 8N1 bit=5 cycle=1 payload=ff t=5476000
# CHECK_FAIL 8N1 bit=5 cycle=2 payload=ff t=5486000
# CHECK_FAIL 8N1 bit=5 cycle=3 payload=ff t=5496000
# CHECK_FAIL 8N1 bit=5 cycle=4 payload=ff t=5506000
# CHECK_FAIL 8N1 bit=5 cycle=5 payload=ff t=5516000
# CHECK_FAIL 8N1 bit=5 cycle=6 payload=ff t=5526000
# CHECK_FAIL 8N1 bit=5 cycle=7 payload=ff t=5536000
# CHECK_FAIL 8N1 bit=5 cycle=8 payload=ff t=5546000
# CHECK_FAIL 8N1 bit=5 cycle=9 payload=ff t=5556000
# CHECK_FAIL 8N1 bit=5 cycle=10 payload=ff t=5566000
# CHECK_FAIL 8N1 bit=5 cycle=11 payload=ff t=5576000
# CHECK_FAIL 8N1 bit=5 cycle=12 payload=ff t=5586000
# CHECK_FAIL 8N1 bit=6 cycle=0 payload=ff t=5596000
# CHECK_FAIL 8N1 bit=6 cycle=1 payload=ff t=5606000
# CHECK_FAIL 8N1 bit=6 cycle=2 payload=ff t=5616000
# CHECK_FAIL 8N1 bit=6 cycle=3 payload=ff t=5626000
# CHECK_FAIL 8N1 bit=6 cycle=4 payload=ff t=5636000
# CHECK_FAIL 8N1 bit=6 cycle=5 payload=ff t=5646000
# CHECK_FAIL 8N1 bit=6 cycle=6 payload=ff t=5656000
# CHECK_FAIL 8N1 bit=6 cycle=7 payload=ff t=5666000
# CHECK_FAIL 8N1 bit=6 cycle=8 payload=ff t=5676000
# CHECK_FAIL 8N1 bit=6 cycle=9 payload=ff t=5686000
# CHECK_FAIL 8N1 bit=6 cycle=10 payload=ff t=5696000
# CHECK_FAIL 8N1 bit=6 cycle=11 payload=ff t=5706000
# CHECK_FAIL 8N1 bit=6 cycle=12 payload=ff t=5716000
# CHECK_FAIL 8N1 bit=7 cycle=0 payload=ff t=5726000
# CHECK_FAIL 8N1 bit=7 cycle=1 payload=ff t=5736000
# CHECK_FAIL 8N1 bit=7 cycle=2 payload=ff t=5746000
# CHECK_FAIL 8N1 bit=7 cycle=3 payload=ff t=5756000
# CHECK_FAIL 8N1 bit=7 cycle=4 payload=ff t=5766000
# CHECK_FAIL 8N1 bit=7 cycle=5 payload=ff t=5776000
# CHECK_FAIL 8N1 bit=7 cycle=6 payload=ff t=5786000
# CHECK_FAIL 8N1 bit=7 cycle=7 payload=ff t=5796000
# CHECK_FAIL 8N1 bit=7 cycle=8 payload=ff t=5806000
# CHECK_FAIL 8N1 bit=7 cycle=9 payload=ff t=5816000
# CHECK_FAIL 8N1 bit=7 cycle=10 payload=ff t=5826000
# CHECK_FAIL 8N1 bit=7 cycle=11 payload=ff t=5836000
# CHECK_FAIL 8N1 bit=7 cycle=12 payload=ff t=5846000
# CHECK_FAIL 8N1 bit=8 cycle=0 payload=ff t=5856000
# CHECK_FAIL 8N1 bit=8 cycle=1 payload=ff t=5866000
# CHECK_FAIL 8N1 bit=8 cycle=2 payload=ff t=5876000
# CHECK_FAIL 8N1 bit=8 cycle=3 payload=ff t=5886000
# CHECK_FAIL 8N1 bit=8 cycle=4 payload=ff t=5896000
# CHECK_FAIL 8N1 bit=8 cycle=5 payload=ff t=5906000
# CHECK_FAIL 8N1 bit=8 cycle=6 payload=ff t=5916000
# CHECK_FAIL 8N1 bit=8 cycle=7 payload=ff t=5926000
# CHECK_FAIL 8N1 bit=8 cycle=8 payload=ff t=5936000
# CHECK_FAIL 8N1 bit=8 cycle=9 payload=ff t=5946000
# CHECK_FAIL 8N1 bit=8 cycle=10 payload=ff t=5956000
# CHECK_FAIL 8N1 bit=8 cycle=11 payload=ff t=5966000
# CHECK_FAIL 8N1 bit=8 cycle=12 payload=ff t=5976000
# RESULT checks=1004 failures=182
# ** Note: $finish    : tb.sv(13)
#    Time: 6406 ns  Iteration: 0  Instance: /tb
# End time: 20:22:18 on Sep 28,2026, Elapsed time: 0:00:02
# Errors: 0, Warnings: 0
