Reading pref.tcl

# 2025.3

# ** Note: (vsim-220) 'C:/questa_base64_2025.3/win64/../modelsim.ini' is used as the ini file.
# vsim -c -onfinish exit -wlf C:\hdl_projects\ai_on_prem\verification\batches\20260922-161336\runs\20260921-051654-verilog-skill\gemma4-fpga\uart_tx\divisor13.wlf work.tb -do "onerror {quit -code 2 -f}; run -all; quit -f" -gDIVISOR=13 
# Start time: 16:20:01 on Sep 22,2026
# ** Note: (vsim-3812) Design is being optimized...
# ** Note: (vopt-220) 'C:/questa_base64_2025.3/win64/../modelsim.ini' is used as the ini file.
# //  QuestaSim Base Edition-64
# //  Version 2025.3 win64 Sep 15 2025
# //
# // Unpublished work. Copyright 2025 Siemens
# //
# // This material contains trade secrets or otherwise confidential information
# // owned by Siemens Industry Software Inc. or its affiliates (collectively,
# // "SISW"), or its licensors. Access to and use of this information is strictly
# // limited as set forth in the Customer's applicable agreements with SISW.
# //
# // This material may not be copied, distributed, or otherwise disclosed outside
# // of the Customer's facilities without the express written permission of SISW,
# // and may not be used in any way not expressly authorized by SISW.
# //
# Loading sv_std.std
# Loading work.tb(fast)
# onerror {quit -code 2 -f}
#  Warning: onerror command for use within macro
#  run -all
# RESULT checks=1004 failures=0
# ** Note: $finish    : tb.sv(13)
#    Time: 6366 ns  Iteration: 0  Instance: /tb
# End time: 16:20:12 on Sep 22,2026, Elapsed time: 0:00:11
# Errors: 0, Warnings: 0
