===============================
Blue Pearl DFFs Report created on: Tue Sep 22 16:13:39 2026
===============================
17 D-type flip-flop registers:
===============================
axil_regs.s_awready type Dff Data Clock Domain: i_clk_group Clock Pin's Domain: i_clk_group Fanout: 4
axil_regs.s_aw_done type Dff Data Clock Domain: i_clk_group Clock Pin's Domain: i_clk_group Fanout: 2
axil_regs.s_aw_addr[31:0] type Dff register Data Clock Domain: i_clk_group Clock Pin's Domain: i_clk_group Fanout: 2
axil_regs.s_wready type Dff Data Clock Domain: i_clk_group Clock Pin's Domain: i_clk_group Fanout: 4
axil_regs.s_w_done type Dff Data Clock Domain: i_clk_group Clock Pin's Domain: i_clk_group Fanout: 2
axil_regs.s_regs[0][31:0] type Dff register Data Clock Domain: i_clk_group Clock Pin's Domain: i_clk_group Fanout: 2
axil_regs.s_regs[1][31:0] type Dff register Data Clock Domain: i_clk_group Clock Pin's Domain: i_clk_group Fanout: 2
axil_regs.s_regs[2][31:0] type Dff register Data Clock Domain: i_clk_group Clock Pin's Domain: i_clk_group Fanout: 2
axil_regs.s_regs[3][31:0] type Dff register Data Clock Domain: i_clk_group Clock Pin's Domain: i_clk_group Fanout: 2
axil_regs.s_bvalid type Dff Data Clock Domain: i_clk_group Clock Pin's Domain: i_clk_group Fanout: 4
axil_regs.o_bresp[1:0] type Dff register Data Clock Domain: i_clk_group Clock Pin's Domain: i_clk_group Fanout: 2
axil_regs.s_arready type Dff Data Clock Domain: i_clk_group Clock Pin's Domain: i_clk_group Fanout: 4
axil_regs.s_ar_done type Dff Data Clock Domain: i_clk_group Clock Pin's Domain: i_clk_group Fanout: 2
axil_regs.s_ar_addr[31:0] type Dff register Data Clock Domain: i_clk_group Clock Pin's Domain: i_clk_group Fanout: 3
axil_regs.s_rvalid type Dff Data Clock Domain: i_clk_group Clock Pin's Domain: i_clk_group Fanout: 4
axil_regs.o_rdata[31:0] type Dff register Data Clock Domain: i_clk_group Clock Pin's Domain: i_clk_group Fanout: 2
axil_regs.o_rresp[1:0] type Dff register Data Clock Domain: i_clk_group Clock Pin's Domain: i_clk_group Fanout: 2
===============================
