Reading pref.tcl

# 2025.3

# ** Note: (vsim-220) 'C:/questa_base64_2025.3/win64/../modelsim.ini' is used as the ini file.
# vsim -c -onfinish exit -wlf C:\hdl_projects\ai_on_prem\results\comparison-20260928-updated-skills\amd-halo\verification\batches\20260928-updated-skills\runs\20260928-145103-verilog-skill-amd-halo\gemma4-fpga\axi_lite\default.wlf work.tb -do "onerror {quit -code 2 -f}; run -all; quit -f" 
# Start time: 20:21:23 on Sep 28,2026
# ** Note: (vsim-3812) Design is being optimized...
# ** Note: (vopt-220) 'C:/questa_base64_2025.3/win64/../modelsim.ini' is used as the ini file.
# //  QuestaSim Base Edition-64
# //  Version 2025.3 win64 Sep 15 2025
# //
# // Unpublished work. Copyright 2025 Siemens
# //
# // This material contains trade secrets or otherwise confidential information
# // owned by Siemens Industry Software Inc. or its affiliates (collectively,
# // "SISW"), or its licensors. Access to and use of this information is strictly
# // limited as set forth in the Customer's applicable agreements with SISW.
# //
# // This material may not be copied, distributed, or otherwise disclosed outside
# // of the Customer's facilities without the express written permission of SISW,
# // and may not be used in any way not expressly authorized by SISW.
# //
# Loading sv_std.std
# Loading work.tb(fast)
# onerror {quit -code 2 -f}
#  Warning: onerror command for use within macro
#  run -all
# CHECK_FAIL exposed register 0 t=156000
# CHECK_FAIL exposed register 0 t=256000
# CHECK_FAIL exposed register 1 t=256000
# CHECK_FAIL exposed register 0 t=356000
# CHECK_FAIL exposed register 1 t=356000
# CHECK_FAIL exposed register 2 t=356000
# CHECK_FAIL exposed register 0 t=456000
# CHECK_FAIL exposed register 1 t=456000
# CHECK_FAIL exposed register 2 t=456000
# CHECK_FAIL exposed register 3 t=456000
# CHECK_FAIL readback register 0 expected 12345678 actual 00000012 t=470000
# CHECK_FAIL readback register 1 expected 03254769 actual 00000003 t=560000
# CHECK_FAIL readback register 2 expected 3016745a actual 00000030 t=650000
# CHECK_FAIL readback register 3 expected 2107654b actual 00000021 t=740000
# CHECK_FAIL exposed register 0 t=966000
# CHECK_FAIL exposed register 1 t=966000
# CHECK_FAIL exposed register 2 t=966000
# CHECK_FAIL exposed register 3 t=966000
# CHECK_FAIL readback register 1 expected cafe9876 actual 000000ca t=980000
# CHECK_FAIL exposed register 0 t=1206000
# CHECK_FAIL exposed register 1 t=1206000
# CHECK_FAIL exposed register 2 t=1206000
# CHECK_FAIL exposed register 3 t=1206000
# CHECK_FAIL readback register 2 expected 87654321 actual 00000087 t=1220000
# CHECK_FAIL exposed register 0 t=1396000
# CHECK_FAIL exposed register 1 t=1396000
# CHECK_FAIL exposed register 2 t=1396000
# CHECK_FAIL exposed register 3 t=1396000
# CHECK_FAIL readback register 0 expected 12bb56dd actual 000000bb t=1410000
# CHECK_FAIL exposed register 0 t=1586000
# CHECK_FAIL exposed register 1 t=1586000
# CHECK_FAIL exposed register 2 t=1586000
# CHECK_FAIL exposed register 3 t=1586000
# CHECK_FAIL readback register 3 expected 2107654b actual 00000021 t=1600000
# RESULT checks=154 failures=34
# ** Note: $finish    : tb.sv(13)
#    Time: 1676 ns  Iteration: 0  Instance: /tb
# End time: 20:21:24 on Sep 28,2026, Elapsed time: 0:00:01
# Errors: 0, Warnings: 0
