===============================
Blue Pearl DFFs Report created on: Mon Sep 28 20:21:27 2026
===============================
13 D-type flip-flop registers:
===============================
axil_regs.aw_full type Dff Data Clock Domain: aclk_group Clock Pin's Domain: aclk_group Fanout: 3
axil_regs.w_full type Dff Data Clock Domain: aclk_group Clock Pin's Domain: aclk_group Fanout: 3
axil_regs.aw_addr_hold[1:0] type Dff register Data Clock Domain: aclk_group Clock Pin's Domain: aclk_group Fanout: 3
axil_regs.wdata_hold[31:0] type Dff register Data Clock Domain: aclk_group Clock Pin's Domain: aclk_group Fanout: 4
axil_regs.wstrb_hold[3:0] type Dff register Data Clock Domain: aclk_group Clock Pin's Domain: aclk_group Fanout: 128
axil_regs.bvalid type Dff Data Clock Domain: aclk_group Clock Pin's Domain: aclk_group Fanout: 6
axil_regs.rvalid type Dff Data Clock Domain: aclk_group Clock Pin's Domain: aclk_group Fanout: 5
axil_regs.rdata_hold[31:0] type Dff register Data Clock Domain: aclk_group Clock Pin's Domain: aclk_group Fanout: 2
axil_regs.rresp_hold[1:0] type Dff register Data Clock Domain: aclk_group Clock Pin's Domain: aclk_group Fanout: 2
axil_regs.regs[0][31:0] type Dff register Data Clock Domain: aclk_group Clock Pin's Domain: aclk_group Fanout: 5
axil_regs.regs[1][31:0] type Dff register Data Clock Domain: aclk_group Clock Pin's Domain: aclk_group Fanout: 5
axil_regs.regs[2][31:0] type Dff register Data Clock Domain: aclk_group Clock Pin's Domain: aclk_group Fanout: 5
axil_regs.regs[3][31:0] type Dff register Data Clock Domain: aclk_group Clock Pin's Domain: aclk_group Fanout: 5
===============================
